[[34.2348, -83.8677],
 [34.2348, -83.8677],
 [34.2348, -83.8677],
 [34.2348, -83.8677],
 [34.2348, -83.8677],
 [34.2348, -83.8677],
 [34.2348, -83.8677],
 [34.2348, -83.8677],
 [34.2348, -83.8677],
 [34.2348, -83.8677],
 [34.2348, -83.8677],
 [34.2348, -83.8677]]
