projpi EPSG:2163
projpi EPSG:26715
projpi EPSG:26775
projpi EPSG:26776
projpi EPSG:26915
projpi EPSG:26975
projpi EPSG:26976
projpi EPSG:2794
projpi EPSG:2795
projpi EPSG:3161
projpi EPSG:3162
projpi EPSG:32065
projpi EPSG:32165
projpi EPSG:32215
projpi EPSG:32415
projpi EPSG:32600
projpi EPSG:32615
projpi EPSG:32662
projpi EPSG:32663
projpi EPSG:3347
projpi EPSG:3348
projpi EPSG:3349
projpi EPSG:3395
projpi EPSG:3408
projpi EPSG:3410
projpi EPSG:3417
projpi EPSG:3418
projpi EPSG:3425
projpi EPSG:3426
projpi EPSG:3536
projpi EPSG:3537
projpi EPSG:3538
projpi EPSG:3539
projpi EPSG:3722
projpi EPSG:3745
projpi EPSG:3785
projpi EPSG:3786
projpi EPSG:3832
projpi EPSG:3855
projpi EPSG:3857
projpi EPSG:3973
projpi EPSG:3975
projpi EPSG:3978
projpi EPSG:3979
projpi EPSG:4001
projpi EPSG:4002
projpi EPSG:4003
projpi EPSG:4004
projpi EPSG:4005
projpi EPSG:4006
projpi EPSG:4007
projpi EPSG:4008
projpi EPSG:4009
projpi EPSG:4010
projpi EPSG:4011
projpi EPSG:4012
projpi EPSG:4013
projpi EPSG:4014
projpi EPSG:4015
projpi EPSG:4016
projpi EPSG:4018
projpi EPSG:4019
projpi EPSG:4020
projpi EPSG:4021
projpi EPSG:4022
projpi EPSG:4024
projpi EPSG:4025
projpi EPSG:4027
projpi EPSG:4028
projpi EPSG:4029
projpi EPSG:4030
projpi EPSG:4031
projpi EPSG:4032
projpi EPSG:4033
projpi EPSG:4034
projpi EPSG:4035
projpi EPSG:4036
projpi EPSG:4041
projpi EPSG:4042
projpi EPSG:4043
projpi EPSG:4044
projpi EPSG:4045
projpi EPSG:4047
projpi EPSG:4052
projpi EPSG:4053
projpi EPSG:4054
projpi EPSG:4055
projpi EPSG:4087
projpi EPSG:4088
projpi EPSG:4152
projpi EPSG:4267
projpi EPSG:4269
projpi EPSG:4276
projpi EPSG:4322
projpi EPSG:4324
projpi EPSG:4326
projpi EPSG:4327
projpi EPSG:4328
projpi EPSG:4329
projpi EPSG:4330
projpi EPSG:4331
projpi EPSG:4332
projpi EPSG:4333
projpi EPSG:4334
projpi EPSG:4335
projpi EPSG:4336
projpi EPSG:4337
projpi EPSG:4338
projpi EPSG:4359
projpi EPSG:4360
projpi EPSG:4361
projpi EPSG:4362
projpi EPSG:4385
projpi EPSG:4608
projpi EPSG:4617
projpi EPSG:4740
projpi EPSG:4759
projpi EPSG:4760
projpi EPSG:4890
projpi EPSG:4891
projpi EPSG:4892
projpi EPSG:4893
projpi EPSG:4896
projpi EPSG:4910
projpi EPSG:4911
projpi EPSG:4912
projpi EPSG:4913
projpi EPSG:4914
projpi EPSG:4915
projpi EPSG:4916
projpi EPSG:4917
projpi EPSG:4918
projpi EPSG:4919
projpi EPSG:4922
projpi EPSG:4923
projpi EPSG:4954
projpi EPSG:4955
projpi EPSG:4956
projpi EPSG:4957
projpi EPSG:4978
projpi EPSG:4979
projpi EPSG:4984
projpi EPSG:4985
projpi EPSG:4986
projpi EPSG:4987
projpi EPSG:5069
projpi EPSG:5070
projpi EPSG:5071
projpi EPSG:5072
projpi EPSG:5320
projpi EPSG:5321
projpi EPSG:5332
projpi EPSG:5498
projpi EPSG:5499
projpi EPSG:5500
projpi EPSG:5702
projpi EPSG:5703
projpi EPSG:5713
projpi EPSG:5714
projpi EPSG:5715
projpi EPSG:5773
projpi EPSG:5798
projpi EPSG:5829
projpi EPSG:5831
projpi EPSG:5861
projpi EPSG:5862
projpi EPSG:5863
projpi EPSG:5864
projpi EPSG:5865
projpi EPSG:5866
projpi EPSG:5867
projpi EPSG:5868
projpi EPSG:5869
projpi EPSG:5870
projpi EPSG:5871
projpi EPSG:5872
projpi EPSG:5873
projpi EPSG:5874
projpi EPSG:6317
projpi EPSG:6318
projpi EPSG:6319
projpi EPSG:6344
projpi EPSG:6349
projpi EPSG:6350
projpi EPSG:6357
projpi EPSG:6358
projpi EPSG:6359
projpi EPSG:6360
projpi EPSG:6462
projpi EPSG:6463
projpi EPSG:6464
projpi EPSG:6465
projpi EPSG:6647
projpi EPSG:6649
projpi EPSG:6781
projpi EPSG:6782
projpi EPSG:6783
projpi EPSG:6871
projpi EPSG:6893
projpi EPSG:6931
projpi EPSG:6933
projpi EPSG:6934
projpi EPSG:7064
projpi EPSG:7406
projpi EPSG:7656
projpi EPSG:7657
projpi EPSG:7658
projpi EPSG:7659
projpi EPSG:7660
projpi EPSG:7661
projpi EPSG:7662
projpi EPSG:7663
projpi EPSG:7664
projpi EPSG:7665
projpi EPSG:7677
projpi EPSG:7678
projpi EPSG:7679
projpi EPSG:7680
projpi EPSG:7789
projpi EPSG:7815
projpi EPSG:7816
projpi EPSG:7900
projpi EPSG:7901
projpi EPSG:7902
projpi EPSG:7903
projpi EPSG:7904
projpi EPSG:7905
projpi EPSG:7906
projpi EPSG:7907
projpi EPSG:7908
projpi EPSG:7909
projpi EPSG:7910
projpi EPSG:7911
projpi EPSG:7912
projpi EPSG:7968
projpi EPSG:8050
projpi EPSG:8051
projpi EPSG:8052
projpi EPSG:8053
projpi EPSG:8227
projpi EPSG:8228
projpi EPSG:8230
projpi EPSG:8231
projpi EPSG:8232
projpi EPSG:8233
projpi EPSG:8235
projpi EPSG:8237
projpi EPSG:8238
projpi EPSG:8239
projpi EPSG:8240
projpi EPSG:8242
projpi EPSG:8244
projpi EPSG:8246
projpi EPSG:8247
projpi EPSG:8248
projpi EPSG:8249
projpi EPSG:8250
projpi EPSG:8251
projpi EPSG:8252
projpi EPSG:8253
projpi EPSG:8254
projpi EPSG:8255
projpi EPSG:8378
projpi EPSG:8449
projpi EPSG:8541
projpi EPSG:8542
projpi EPSG:8737
projpi EPSG:8738
projpi EPSG:8857
projpi EPSG:8858
projpi EPSG:8859
projpi EPSG:8860
projpi EPSG:8888
projpi EPSG:8897
projpi EPSG:8988
projpi EPSG:8989
projpi EPSG:8990
projpi EPSG:8991
projpi EPSG:8992
projpi EPSG:8993
projpi EPSG:8994
projpi EPSG:8995
projpi EPSG:8996
projpi EPSG:8997
projpi EPSG:8998
projpi EPSG:8999
projpi EPSG:9000
projpi EPSG:9001
projpi EPSG:9002
projpi EPSG:9003
projpi EPSG:9004
projpi EPSG:9005
projpi EPSG:9006
projpi EPSG:9007
projpi EPSG:9008
projpi EPSG:9009
projpi EPSG:900913
projpi EPSG:9010
projpi EPSG:9011
projpi EPSG:9012
projpi EPSG:9013
projpi EPSG:9014
projpi EPSG:9015
projpi EPSG:9016
projpi EPSG:9017
projpi EPSG:9018
projpi EPSG:9019
projpi EPSG:9053
projpi EPSG:9054
projpi EPSG:9055
projpi EPSG:9056
projpi EPSG:9057
projpi EPSG:9245
projpi EPSG:9311
projpi EPSG:9378
projpi EPSG:9379
projpi EPSG:9380
projpi EPSG:9474
projpi EPSG:9475
projpi EPSG:9518
projpi EPSG:9544
projpi EPSG:9705
projpi EPSG:9707
projpi ESRI:102001
projpi ESRI:102002
projpi ESRI:102003
projpi ESRI:102004
projpi ESRI:102005
projpi ESRI:102008
projpi ESRI:102009
projpi ESRI:102010
projpi ESRI:102016
projpi ESRI:102017
projpi ESRI:102018
projpi ESRI:102034
projpi ESRI:102035
projpi ESRI:102038
projpi ESRI:102039
projpi ESRI:102042
projpi ESRI:102100
projpi ESRI:102113
projpi ESRI:102215
projpi ESRI:102275
projpi ESRI:102276
projpi ESRI:102299
projpi ESRI:102384
projpi ESRI:102415
projpi ESRI:102422
projpi ESRI:102497
projpi ESRI:102498
projpi ESRI:102589
projpi ESRI:102675
projpi ESRI:102676
projpi ESRI:102965
projpi ESRI:103043
projpi ESRI:103044
projpi ESRI:103045
projpi ESRI:103046
projpi ESRI:103278
projpi ESRI:103279
projpi ESRI:103280
projpi ESRI:103281
projpi ESRI:104000
projpi ESRI:104010
projpi ESRI:104011
projpi ESRI:104012
projpi ESRI:104013
projpi ESRI:104014
projpi ESRI:104015
projpi ESRI:104016
projpi ESRI:104017
projpi ESRI:104018
projpi ESRI:104019
projpi ESRI:104021
projpi ESRI:104023
projpi ESRI:104047
projpi ESRI:104115
projpi ESRI:104116
projpi ESRI:104117
projpi ESRI:104118
projpi ESRI:104119
projpi ESRI:104120
projpi ESRI:104121
projpi ESRI:104122
projpi ESRI:104123
projpi ESRI:104124
projpi ESRI:104145
projpi ESRI:104199
projpi ESRI:104223
projpi ESRI:104257
projpi ESRI:104602
projpi ESRI:104896
projpi ESRI:104900
projpi ESRI:104901
projpi ESRI:104902
projpi ESRI:104903
projpi ESRI:104904
projpi ESRI:104905
projpi ESRI:104906
projpi ESRI:104907
projpi ESRI:104908
projpi ESRI:104909
projpi ESRI:104910
projpi ESRI:104911
projpi ESRI:104912
projpi ESRI:104913
projpi ESRI:104914
projpi ESRI:104915
projpi ESRI:104916
projpi ESRI:104917
projpi ESRI:104918
projpi ESRI:104919
projpi ESRI:104920
projpi ESRI:104921
projpi ESRI:104922
projpi ESRI:104923
projpi ESRI:104924
projpi ESRI:104925
projpi ESRI:104926
projpi ESRI:104927
projpi ESRI:104928
projpi ESRI:104929
projpi ESRI:104930
projpi ESRI:104931
projpi ESRI:104932
projpi ESRI:104933
projpi ESRI:104934
projpi ESRI:104935
projpi ESRI:104936
projpi ESRI:104937
projpi ESRI:104938
projpi ESRI:104939
projpi ESRI:104940
projpi ESRI:104941
projpi ESRI:104942
projpi ESRI:104943
projpi ESRI:104944
projpi ESRI:104945
projpi ESRI:104946
projpi ESRI:104947
projpi ESRI:104948
projpi ESRI:104949
projpi ESRI:104950
projpi ESRI:104951
projpi ESRI:104952
projpi ESRI:104953
projpi ESRI:104954
projpi ESRI:104955
projpi ESRI:104956
projpi ESRI:104957
projpi ESRI:104958
projpi ESRI:104959
projpi ESRI:104960
projpi ESRI:104961
projpi ESRI:104962
projpi ESRI:104963
projpi ESRI:104964
projpi ESRI:104965
projpi ESRI:104966
projpi ESRI:104967
projpi ESRI:104968
projpi ESRI:104969
projpi ESRI:104970
projpi ESRI:104971
projpi ESRI:104972
projpi ESRI:104973
projpi ESRI:104974
projpi ESRI:104975
projpi ESRI:105700
projpi ESRI:105703
projpi ESRI:105790
projpi ESRI:115700
projpi ESRI:115702
projpi ESRI:115729
projpi ESRI:115730
projpi ESRI:115731
projpi ESRI:115732
projpi ESRI:115733
projpi ESRI:115734
projpi ESRI:115735
projpi ESRI:115736
projpi ESRI:115737
projpi ESRI:115738
projpi ESRI:115755
projpi ESRI:115756
projpi ESRI:115757
projpi ESRI:115758
projpi ESRI:115761
projpi ESRI:115773
projpi ESRI:115803
projpi ESRI:115807
projpi ESRI:115808
projpi ESRI:115809
projpi ESRI:115810
projpi ESRI:115814
projpi ESRI:115815
projpi ESRI:115816
projpi ESRI:115817
projpi ESRI:115818
projpi ESRI:115819
projpi ESRI:115820
projpi ESRI:115821
projpi ESRI:115830
projpi ESRI:115831
projpi ESRI:115832
projpi ESRI:115833
projpi ESRI:115834
projpi ESRI:115835
projpi ESRI:115836
projpi ESRI:115837
projpi ESRI:115840
projpi ESRI:115867
projpi ESRI:115868
projpi ESRI:115869
projpi ESRI:115870
projpi ESRI:115871
projpi ESRI:37001
projpi ESRI:37002
projpi ESRI:37003
projpi ESRI:37004
projpi ESRI:37005
projpi ESRI:37006
projpi ESRI:37007
projpi ESRI:37008
projpi ESRI:53001
projpi ESRI:53002
projpi ESRI:53003
projpi ESRI:53004
projpi ESRI:53008
projpi ESRI:53009
projpi ESRI:53010
projpi ESRI:53011
projpi ESRI:53012
projpi ESRI:53013
projpi ESRI:53014
projpi ESRI:53015
projpi ESRI:53016
projpi ESRI:53017
projpi ESRI:53018
projpi ESRI:53019
projpi ESRI:53021
projpi ESRI:53022
projpi ESRI:53023
projpi ESRI:53024
projpi ESRI:53025
projpi ESRI:53026
projpi ESRI:53027
projpi ESRI:53028
projpi ESRI:53029
projpi ESRI:53030
projpi ESRI:53031
projpi ESRI:53032
projpi ESRI:53034
projpi ESRI:53035
projpi ESRI:53036
projpi ESRI:53037
projpi ESRI:53042
projpi ESRI:53043
projpi ESRI:53044
projpi ESRI:53045
projpi ESRI:53046
projpi ESRI:53048
projpi ESRI:53049
projpi ESRI:53074
projpi ESRI:53075
projpi ESRI:53076
projpi ESRI:53077
projpi ESRI:53078
projpi ESRI:53079
projpi ESRI:53080
projpi ESRI:54001
projpi ESRI:54002
projpi ESRI:54003
projpi ESRI:54004
projpi ESRI:54008
projpi ESRI:54009
projpi ESRI:54010
projpi ESRI:54011
projpi ESRI:54012
projpi ESRI:54013
projpi ESRI:54014
projpi ESRI:54015
projpi ESRI:54016
projpi ESRI:54017
projpi ESRI:54018
projpi ESRI:54019
projpi ESRI:54021
projpi ESRI:54022
projpi ESRI:54023
projpi ESRI:54024
projpi ESRI:54025
projpi ESRI:54026
projpi ESRI:54027
projpi ESRI:54028
projpi ESRI:54029
projpi ESRI:54030
projpi ESRI:54031
projpi ESRI:54032
projpi ESRI:54034
projpi ESRI:54035
projpi ESRI:54036
projpi ESRI:54037
projpi ESRI:54042
projpi ESRI:54043
projpi ESRI:54044
projpi ESRI:54045
projpi ESRI:54046
projpi ESRI:54048
projpi ESRI:54049
projpi ESRI:54050
projpi ESRI:54051
projpi ESRI:54052
projpi ESRI:54053
projpi ESRI:54074
projpi ESRI:54075
projpi ESRI:54076
projpi ESRI:54077
projpi ESRI:54078
projpi ESRI:54079
projpi ESRI:54080
projpi ESRI:54090
projpi ESRI:54091
projpi ESRI:54098
projpi ESRI:54099
projpi ESRI:54100
projpi ESRI:54101
projpi IGNF:LNGLNG
projpi IGNF:LNGPGG
projpi IGNF:MILLER
projpi IGNF:RRAF91
projpi IGNF:SYSLN
projpi IGNF:SYSLNG
projpi IGNF:WGS72
projpi IGNF:WGS72G
projpi IGNF:WGS72GEO
projpi IGNF:WGS84
projpi IGNF:WGS84G
projpi IGNF:WGS84GDD
projpi IGNF:WGS84GEO
projpi IGNF:WGS84GEODD
projpi IGNF:WGS84MILLGP
projpi IGNF:WGS84RRAFGEO
projpi IGNF:WGS84WMSV
projpi OGC:CRS27
projpi OGC:CRS83
projpi OGC:CRS84
pyproj EPSG:26715
pyproj EPSG:26775
pyproj EPSG:26776
pyproj EPSG:26915
pyproj EPSG:26975
pyproj EPSG:26976
pyproj EPSG:2794
pyproj EPSG:2795
pyproj EPSG:3161
pyproj EPSG:3162
pyproj EPSG:32065
pyproj EPSG:32165
pyproj EPSG:32215
pyproj EPSG:32415
pyproj EPSG:32600
pyproj EPSG:32615
pyproj EPSG:3347
pyproj EPSG:3348
pyproj EPSG:3395
pyproj EPSG:3417
pyproj EPSG:3418
pyproj EPSG:3425
pyproj EPSG:3426
pyproj EPSG:3536
pyproj EPSG:3537
pyproj EPSG:3538
pyproj EPSG:3539
pyproj EPSG:3722
pyproj EPSG:3745
pyproj EPSG:3855
pyproj EPSG:3857
pyproj EPSG:3978
pyproj EPSG:3979
pyproj EPSG:4087
pyproj EPSG:4276
pyproj EPSG:4322
pyproj EPSG:4324
pyproj EPSG:4326
pyproj EPSG:4608
pyproj EPSG:4617
pyproj EPSG:4740
pyproj EPSG:4760
pyproj EPSG:4890
pyproj EPSG:4891
pyproj EPSG:4896
pyproj EPSG:4910
pyproj EPSG:4911
pyproj EPSG:4912
pyproj EPSG:4913
pyproj EPSG:4914
pyproj EPSG:4915
pyproj EPSG:4916
pyproj EPSG:4917
pyproj EPSG:4918
pyproj EPSG:4919
pyproj EPSG:4922
pyproj EPSG:4923
pyproj EPSG:4954
pyproj EPSG:4955
pyproj EPSG:4978
pyproj EPSG:4979
pyproj EPSG:4984
pyproj EPSG:4985
pyproj EPSG:4986
pyproj EPSG:4987
pyproj EPSG:5069
pyproj EPSG:5070
pyproj EPSG:5071
pyproj EPSG:5072
pyproj EPSG:5320
pyproj EPSG:5321
pyproj EPSG:5332
pyproj EPSG:5498
pyproj EPSG:5499
pyproj EPSG:5500
pyproj EPSG:5702
pyproj EPSG:5713
pyproj EPSG:5714
pyproj EPSG:5715
pyproj EPSG:5773
pyproj EPSG:5798
pyproj EPSG:5829
pyproj EPSG:5831
pyproj EPSG:5861
pyproj EPSG:5862
pyproj EPSG:5863
pyproj EPSG:5864
pyproj EPSG:5865
pyproj EPSG:5866
pyproj EPSG:5867
pyproj EPSG:5868
pyproj EPSG:5869
pyproj EPSG:5870
pyproj EPSG:5871
pyproj EPSG:5872
pyproj EPSG:5873
pyproj EPSG:5874
pyproj EPSG:6344
pyproj EPSG:6349
pyproj EPSG:6350
pyproj EPSG:6358
pyproj EPSG:6359
pyproj EPSG:6360
pyproj EPSG:6462
pyproj EPSG:6463
pyproj EPSG:6464
pyproj EPSG:6465
pyproj EPSG:6647
pyproj EPSG:6649
pyproj EPSG:6893
pyproj EPSG:6931
pyproj EPSG:6933
pyproj EPSG:6934
pyproj EPSG:7064
pyproj EPSG:7406
pyproj EPSG:7656
pyproj EPSG:7657
pyproj EPSG:7658
pyproj EPSG:7659
pyproj EPSG:7660
pyproj EPSG:7661
pyproj EPSG:7662
pyproj EPSG:7663
pyproj EPSG:7664
pyproj EPSG:7665
pyproj EPSG:7677
pyproj EPSG:7678
pyproj EPSG:7679
pyproj EPSG:7680
pyproj EPSG:7789
pyproj EPSG:7815
pyproj EPSG:7816
pyproj EPSG:7900
pyproj EPSG:7901
pyproj EPSG:7902
pyproj EPSG:7903
pyproj EPSG:7904
pyproj EPSG:7905
pyproj EPSG:7906
pyproj EPSG:7907
pyproj EPSG:7908
pyproj EPSG:7909
pyproj EPSG:7910
pyproj EPSG:7911
pyproj EPSG:7912
pyproj EPSG:7968
pyproj EPSG:8050
pyproj EPSG:8051
pyproj EPSG:8227
pyproj EPSG:8228
pyproj EPSG:8230
pyproj EPSG:8231
pyproj EPSG:8232
pyproj EPSG:8233
pyproj EPSG:8235
pyproj EPSG:8237
pyproj EPSG:8238
pyproj EPSG:8239
pyproj EPSG:8240
pyproj EPSG:8242
pyproj EPSG:8244
pyproj EPSG:8246
pyproj EPSG:8247
pyproj EPSG:8248
pyproj EPSG:8249
pyproj EPSG:8250
pyproj EPSG:8251
pyproj EPSG:8252
pyproj EPSG:8253
pyproj EPSG:8254
pyproj EPSG:8255
pyproj EPSG:8378
pyproj EPSG:8737
pyproj EPSG:8738
pyproj EPSG:8857
pyproj EPSG:8888
pyproj EPSG:8897
pyproj EPSG:8988
pyproj EPSG:8989
pyproj EPSG:8990
pyproj EPSG:8991
pyproj EPSG:8992
pyproj EPSG:8993
pyproj EPSG:8994
pyproj EPSG:8995
pyproj EPSG:8996
pyproj EPSG:8997
pyproj EPSG:8998
pyproj EPSG:8999
pyproj EPSG:9000
pyproj EPSG:9001
pyproj EPSG:9002
pyproj EPSG:9003
pyproj EPSG:9004
pyproj EPSG:9005
pyproj EPSG:9006
pyproj EPSG:9007
pyproj EPSG:9008
pyproj EPSG:9009
pyproj EPSG:9010
pyproj EPSG:9011
pyproj EPSG:9012
pyproj EPSG:9013
pyproj EPSG:9014
pyproj EPSG:9015
pyproj EPSG:9016
pyproj EPSG:9017
pyproj EPSG:9018
pyproj EPSG:9019
pyproj EPSG:9053
pyproj EPSG:9054
pyproj EPSG:9055
pyproj EPSG:9056
pyproj EPSG:9057
pyproj EPSG:9245
pyproj EPSG:9378
pyproj EPSG:9379
pyproj EPSG:9380
pyproj EPSG:9474
pyproj EPSG:9475
pyproj EPSG:9518
pyproj EPSG:9544
pyproj EPSG:9705
pyproj EPSG:9707
pyproj ESRI:102001
pyproj ESRI:102002
pyproj ESRI:102003
pyproj ESRI:102004
pyproj ESRI:102005
pyproj ESRI:102008
pyproj ESRI:102009
pyproj ESRI:102010
pyproj ESRI:102016
pyproj ESRI:102017
pyproj ESRI:102018
pyproj ESRI:102034
pyproj ESRI:102035
pyproj ESRI:102038
pyproj ESRI:102039
pyproj ESRI:102042
pyproj ESRI:102215
pyproj ESRI:102299
pyproj ESRI:102415
pyproj ESRI:102422
pyproj ESRI:102498
pyproj ESRI:102589
pyproj ESRI:103278
pyproj ESRI:103279
pyproj ESRI:103280
pyproj ESRI:103281
pyproj ESRI:104017
pyproj ESRI:104018
pyproj ESRI:104047
pyproj ESRI:104900
pyproj ESRI:104901
pyproj ESRI:104902
pyproj ESRI:104903
pyproj ESRI:104904
pyproj ESRI:104905
pyproj ESRI:104906
pyproj ESRI:104907
pyproj ESRI:104908
pyproj ESRI:104909
pyproj ESRI:104910
pyproj ESRI:104911
pyproj ESRI:104912
pyproj ESRI:104913
pyproj ESRI:104914
pyproj ESRI:104915
pyproj ESRI:104916
pyproj ESRI:104917
pyproj ESRI:104918
pyproj ESRI:104919
pyproj ESRI:104920
pyproj ESRI:104921
pyproj ESRI:104922
pyproj ESRI:104923
pyproj ESRI:104924
pyproj ESRI:104925
pyproj ESRI:104926
pyproj ESRI:104927
pyproj ESRI:104928
pyproj ESRI:104929
pyproj ESRI:104930
pyproj ESRI:104931
pyproj ESRI:104932
pyproj ESRI:104933
pyproj ESRI:104934
pyproj ESRI:104935
pyproj ESRI:104936
pyproj ESRI:104937
pyproj ESRI:104938
pyproj ESRI:104939
pyproj ESRI:104940
pyproj ESRI:104941
pyproj ESRI:104942
pyproj ESRI:104943
pyproj ESRI:104944
pyproj ESRI:104945
pyproj ESRI:104946
pyproj ESRI:104947
pyproj ESRI:104948
pyproj ESRI:104949
pyproj ESRI:104950
pyproj ESRI:104951
pyproj ESRI:104952
pyproj ESRI:104953
pyproj ESRI:104954
pyproj ESRI:104955
pyproj ESRI:104956
pyproj ESRI:104957
pyproj ESRI:104958
pyproj ESRI:104959
pyproj ESRI:104960
pyproj ESRI:104961
pyproj ESRI:104962
pyproj ESRI:104963
pyproj ESRI:104964
pyproj ESRI:104965
pyproj ESRI:104966
pyproj ESRI:104967
pyproj ESRI:104968
pyproj ESRI:104969
pyproj ESRI:104970
pyproj ESRI:104971
pyproj ESRI:104972
pyproj ESRI:104973
pyproj ESRI:104974
pyproj ESRI:104975
pyproj ESRI:105700
pyproj ESRI:115700
pyproj ESRI:115729
pyproj ESRI:115730
pyproj ESRI:115731
pyproj ESRI:115732
pyproj ESRI:115733
pyproj ESRI:115734
pyproj ESRI:115735
pyproj ESRI:115736
pyproj ESRI:115737
pyproj ESRI:115738
pyproj ESRI:115757
pyproj ESRI:115773
pyproj ESRI:115803
pyproj ESRI:115807
pyproj ESRI:115808
pyproj ESRI:115809
pyproj ESRI:115810
pyproj ESRI:115814
pyproj ESRI:115815
pyproj ESRI:115816
pyproj ESRI:115817
pyproj ESRI:115818
pyproj ESRI:115819
pyproj ESRI:115820
pyproj ESRI:115821
pyproj ESRI:115830
pyproj ESRI:115831
pyproj ESRI:115832
pyproj ESRI:115833
pyproj ESRI:115834
pyproj ESRI:115835
pyproj ESRI:115836
pyproj ESRI:115837
pyproj ESRI:115867
pyproj ESRI:115868
pyproj ESRI:115869
pyproj ESRI:115870
pyproj ESRI:115871
pyproj ESRI:37002
pyproj ESRI:37003
pyproj ESRI:37004
pyproj ESRI:37005
pyproj ESRI:37006
pyproj ESRI:37007
pyproj ESRI:37008
pyproj ESRI:53001
pyproj ESRI:53002
pyproj ESRI:53003
pyproj ESRI:53004
pyproj ESRI:53008
pyproj ESRI:53009
pyproj ESRI:53010
pyproj ESRI:53011
pyproj ESRI:53012
pyproj ESRI:53013
pyproj ESRI:53014
pyproj ESRI:53015
pyproj ESRI:53016
pyproj ESRI:53017
pyproj ESRI:53018
pyproj ESRI:53019
pyproj ESRI:53021
pyproj ESRI:53022
pyproj ESRI:53023
pyproj ESRI:53024
pyproj ESRI:53025
pyproj ESRI:53026
pyproj ESRI:53027
pyproj ESRI:53028
pyproj ESRI:53029
pyproj ESRI:53030
pyproj ESRI:53031
pyproj ESRI:53032
pyproj ESRI:53034
pyproj ESRI:53035
pyproj ESRI:53036
pyproj ESRI:53037
pyproj ESRI:53042
pyproj ESRI:53043
pyproj ESRI:53044
pyproj ESRI:53045
pyproj ESRI:53046
pyproj ESRI:53048
pyproj ESRI:53049
pyproj ESRI:53074
pyproj ESRI:53075
pyproj ESRI:53076
pyproj ESRI:53077
pyproj ESRI:53078
pyproj ESRI:53079
pyproj ESRI:53080
pyproj ESRI:54001
pyproj ESRI:54002
pyproj ESRI:54003
pyproj ESRI:54004
pyproj ESRI:54008
pyproj ESRI:54009
pyproj ESRI:54010
pyproj ESRI:54011
pyproj ESRI:54012
pyproj ESRI:54013
pyproj ESRI:54014
pyproj ESRI:54015
pyproj ESRI:54016
pyproj ESRI:54017
pyproj ESRI:54018
pyproj ESRI:54019
pyproj ESRI:54021
pyproj ESRI:54022
pyproj ESRI:54023
pyproj ESRI:54024
pyproj ESRI:54025
pyproj ESRI:54026
pyproj ESRI:54027
pyproj ESRI:54028
pyproj ESRI:54029
pyproj ESRI:54030
pyproj ESRI:54031
pyproj ESRI:54032
pyproj ESRI:54034
pyproj ESRI:54042
pyproj ESRI:54043
pyproj ESRI:54044
pyproj ESRI:54045
pyproj ESRI:54046
pyproj ESRI:54048
pyproj ESRI:54049
pyproj ESRI:54050
pyproj ESRI:54051
pyproj ESRI:54052
pyproj ESRI:54053
pyproj ESRI:54074
pyproj ESRI:54075
pyproj ESRI:54076
pyproj ESRI:54077
pyproj ESRI:54078
pyproj ESRI:54079
pyproj ESRI:54080
pyproj ESRI:54090
pyproj ESRI:54091
pyproj ESRI:54098
pyproj ESRI:54099
pyproj ESRI:54100
pyproj ESRI:54101
pyproj IGNF:LNGLNG
pyproj IGNF:LNGPGG
pyproj IGNF:MILLER
pyproj IGNF:RRAF91
pyproj IGNF:SYSLN
pyproj IGNF:SYSLNG
pyproj IGNF:WGS72
pyproj IGNF:WGS72G
pyproj IGNF:WGS72GEO
pyproj IGNF:WGS84
pyproj IGNF:WGS84G
pyproj IGNF:WGS84GDD
pyproj IGNF:WGS84GEO
pyproj IGNF:WGS84GEODD
pyproj IGNF:WGS84MILLGP
pyproj IGNF:WGS84RRAFGEO
pyproj IGNF:WGS84WMSV
pyproj OGC:CRS84
not in pyproj EPSG:2163
	usage EPSG:1187
	exten EPSG:1245
	15.56, 74.71, 167.65, -65.69
	PASSED
not in pyproj EPSG:32662
	usage EPSG:7573
	exten EPSG:1262
	-90.0, 90.0, -180.0, 180.0
	PASSED
not in pyproj EPSG:32663
	usage EPSG:7574
	exten EPSG:1262
	-90.0, 90.0, -180.0, 180.0
	PASSED
not in pyproj EPSG:3349
	usage EPSG:2368
	exten EPSG:3172
	-60.0, 66.67, 98.69, -68.0
	PASSED
not in pyproj EPSG:3408
	usage EPSG:2427
	exten EPSG:3475
	0.0, 90.0, -180.0, 180.0
	PASSED
not in pyproj EPSG:3410
	usage EPSG:2429
	exten EPSG:3463
	-86.0, 86.0, -180.0, 180.0
	PASSED
not in pyproj EPSG:3785
	usage EPSG:2804
	exten EPSG:3544
	-85.06, 85.06, -180.0, 180.0
	PASSED
not in pyproj EPSG:3786
	usage EPSG:2805
	exten EPSG:1262
	-90.0, 90.0, -180.0, 180.0
	PASSED
not in pyproj EPSG:3832
	usage EPSG:2835
	exten EPSG:3172
	-60.0, 66.67, 98.69, -68.0
	PASSED
not in pyproj EPSG:3973
	usage EPSG:2904
	exten EPSG:3475
	0.0, 90.0, -180.0, 180.0
	PASSED
not in pyproj EPSG:3975
	usage EPSG:2906
	exten EPSG:3463
	-86.0, 86.0, -180.0, 180.0
	PASSED
not in pyproj EPSG:4001
	usage EPSG:2923
	exten EPSG:1263
	-90.0, 90.0, -180.0, 180.0
	PASSED
not in pyproj EPSG:4002
	usage EPSG:2924
	exten EPSG:1263
	-90.0, 90.0, -180.0, 180.0
	PASSED
not in pyproj EPSG:4003
	usage EPSG:2925
	exten EPSG:1263
	-90.0, 90.0, -180.0, 180.0
	PASSED
not in pyproj EPSG:4004
	usage EPSG:2926
	exten EPSG:1263
	-90.0, 90.0, -180.0, 180.0
	PASSED
not in pyproj EPSG:4005
	usage EPSG:2927
	exten EPSG:1263
	-90.0, 90.0, -180.0, 180.0
	PASSED
not in pyproj EPSG:4006
	usage EPSG:2928
	exten EPSG:1263
	-90.0, 90.0, -180.0, 180.0
	PASSED
not in pyproj EPSG:4007
	usage EPSG:2929
	exten EPSG:1263
	-90.0, 90.0, -180.0, 180.0
	PASSED
not in pyproj EPSG:4008
	usage EPSG:2930
	exten EPSG:1263
	-90.0, 90.0, -180.0, 180.0
	PASSED
not in pyproj EPSG:4009
	usage EPSG:2931
	exten EPSG:1263
	-90.0, 90.0, -180.0, 180.0
	PASSED
not in pyproj EPSG:4010
	usage EPSG:2932
	exten EPSG:1263
	-90.0, 90.0, -180.0, 180.0
	PASSED
not in pyproj EPSG:4011
	usage EPSG:2933
	exten EPSG:1263
	-90.0, 90.0, -180.0, 180.0
	PASSED
not in pyproj EPSG:4012
	usage EPSG:2934
	exten EPSG:1263
	-90.0, 90.0, -180.0, 180.0
	PASSED
not in pyproj EPSG:4013
	usage EPSG:2935
	exten EPSG:1263
	-90.0, 90.0, -180.0, 180.0
	PASSED
not in pyproj EPSG:4014
	usage EPSG:2936
	exten EPSG:1263
	-90.0, 90.0, -180.0, 180.0
	PASSED
not in pyproj EPSG:4015
	usage EPSG:2937
	exten EPSG:1263
	-90.0, 90.0, -180.0, 180.0
	PASSED
not in pyproj EPSG:4016
	usage EPSG:2938
	exten EPSG:1263
	-90.0, 90.0, -180.0, 180.0
	PASSED
not in pyproj EPSG:4018
	usage EPSG:2940
	exten EPSG:1263
	-90.0, 90.0, -180.0, 180.0
	PASSED
not in pyproj EPSG:4019
	usage EPSG:2941
	exten EPSG:1263
	-90.0, 90.0, -180.0, 180.0
	PASSED
not in pyproj EPSG:4020
	usage EPSG:2942
	exten EPSG:1263
	-90.0, 90.0, -180.0, 180.0
	PASSED
not in pyproj EPSG:4021
	usage EPSG:2943
	exten EPSG:1263
	-90.0, 90.0, -180.0, 180.0
	PASSED
not in pyproj EPSG:4022
	usage EPSG:2944
	exten EPSG:1263
	-90.0, 90.0, -180.0, 180.0
	PASSED
not in pyproj EPSG:4024
	usage EPSG:2946
	exten EPSG:1263
	-90.0, 90.0, -180.0, 180.0
	PASSED
not in pyproj EPSG:4025
	usage EPSG:2947
	exten EPSG:1263
	-90.0, 90.0, -180.0, 180.0
	PASSED
not in pyproj EPSG:4027
	usage EPSG:2949
	exten EPSG:1263
	-90.0, 90.0, -180.0, 180.0
	PASSED
not in pyproj EPSG:4028
	usage EPSG:2950
	exten EPSG:1263
	-90.0, 90.0, -180.0, 180.0
	PASSED
not in pyproj EPSG:4029
	usage EPSG:2951
	exten EPSG:1263
	-90.0, 90.0, -180.0, 180.0
	PASSED
not in pyproj EPSG:4030
	usage EPSG:2952
	exten EPSG:1263
	-90.0, 90.0, -180.0, 180.0
	PASSED
not in pyproj EPSG:4031
	usage EPSG:2953
	exten EPSG:1263
	-90.0, 90.0, -180.0, 180.0
	PASSED
not in pyproj EPSG:4032
	usage EPSG:2954
	exten EPSG:1263
	-90.0, 90.0, -180.0, 180.0
	PASSED
not in pyproj EPSG:4033
	usage EPSG:2955
	exten EPSG:1263
	-90.0, 90.0, -180.0, 180.0
	PASSED
not in pyproj EPSG:4034
	usage EPSG:2956
	exten EPSG:1263
	-90.0, 90.0, -180.0, 180.0
	PASSED
not in pyproj EPSG:4035
	usage EPSG:2957
	exten EPSG:1263
	-90.0, 90.0, -180.0, 180.0
	PASSED
not in pyproj EPSG:4036
	usage EPSG:2958
	exten EPSG:1263
	-90.0, 90.0, -180.0, 180.0
	PASSED
not in pyproj EPSG:4041
	usage EPSG:2963
	exten EPSG:1263
	-90.0, 90.0, -180.0, 180.0
	PASSED
not in pyproj EPSG:4042
	usage EPSG:2964
	exten EPSG:1263
	-90.0, 90.0, -180.0, 180.0
	PASSED
not in pyproj EPSG:4043
	usage EPSG:2965
	exten EPSG:1263
	-90.0, 90.0, -180.0, 180.0
	PASSED
not in pyproj EPSG:4044
	usage EPSG:2966
	exten EPSG:1263
	-90.0, 90.0, -180.0, 180.0
	PASSED
not in pyproj EPSG:4045
	usage EPSG:2967
	exten EPSG:1263
	-90.0, 90.0, -180.0, 180.0
	PASSED
not in pyproj EPSG:4047
	usage EPSG:2969
	exten EPSG:1263
	-90.0, 90.0, -180.0, 180.0
	PASSED
not in pyproj EPSG:4052
	usage EPSG:2974
	exten EPSG:1263
	-90.0, 90.0, -180.0, 180.0
	PASSED
not in pyproj EPSG:4053
	usage EPSG:2975
	exten EPSG:1263
	-90.0, 90.0, -180.0, 180.0
	PASSED
not in pyproj EPSG:4054
	usage EPSG:2976
	exten EPSG:1263
	-90.0, 90.0, -180.0, 180.0
	PASSED
not in pyproj EPSG:4055
	usage EPSG:2977
	exten EPSG:1262
	-90.0, 90.0, -180.0, 180.0
	PASSED
not in pyproj EPSG:4088
	usage EPSG:2996
	exten EPSG:1262
	-90.0, 90.0, -180.0, 180.0
	PASSED
not in pyproj EPSG:4152
	usage EPSG:3037
	exten EPSG:1337
	-14.59, 71.4, 144.58, -64.51
	PASSED
not in pyproj EPSG:4267
	usage EPSG:3149
	exten EPSG:1349
	7.15, 83.17, 167.65, -47.74
	PASSED
not in pyproj EPSG:4269
	usage EPSG:3151
	exten EPSG:1350
	14.928194130078, 86.453745196084, 167.65071105957, -47.743430543984
	PASSED
not in pyproj EPSG:4327
	usage EPSG:3203
	exten EPSG:1262
	-90.0, 90.0, -180.0, 180.0
	PASSED
not in pyproj EPSG:4328
	usage EPSG:3204
	exten EPSG:1262
	-90.0, 90.0, -180.0, 180.0
	PASSED
not in pyproj EPSG:4329
	usage EPSG:3205
	exten EPSG:2830
	-90.0, 90.0, -180.0, 180.0
	PASSED
not in pyproj EPSG:4330
	usage EPSG:3206
	exten EPSG:1262
	-90.0, 90.0, -180.0, 180.0
	PASSED
not in pyproj EPSG:4331
	usage EPSG:3207
	exten EPSG:1262
	-90.0, 90.0, -180.0, 180.0
	PASSED
not in pyproj EPSG:4332
	usage EPSG:3208
	exten EPSG:1262
	-90.0, 90.0, -180.0, 180.0
	PASSED
not in pyproj EPSG:4333
	usage EPSG:3209
	exten EPSG:1262
	-90.0, 90.0, -180.0, 180.0
	PASSED
not in pyproj EPSG:4334
	usage EPSG:3210
	exten EPSG:1262
	-90.0, 90.0, -180.0, 180.0
	PASSED
not in pyproj EPSG:4335
	usage EPSG:3211
	exten EPSG:1262
	-90.0, 90.0, -180.0, 180.0
	PASSED
not in pyproj EPSG:4336
	usage EPSG:3212
	exten EPSG:1262
	-90.0, 90.0, -180.0, 180.0
	PASSED
not in pyproj EPSG:4337
	usage EPSG:3213
	exten EPSG:1262
	-90.0, 90.0, -180.0, 180.0
	PASSED
not in pyproj EPSG:4338
	usage EPSG:3214
	exten EPSG:1262
	-90.0, 90.0, -180.0, 180.0
	PASSED
not in pyproj EPSG:4359
	usage EPSG:3235
	exten EPSG:2784
	41.68, 60.0, -139.05, -52.62
	PASSED
not in pyproj EPSG:4360
	usage EPSG:3236
	exten EPSG:2784
	41.68, 60.0, -139.05, -52.62
	PASSED
not in pyproj EPSG:4361
	usage EPSG:3237
	exten EPSG:1337
	-14.59, 71.4, 144.58, -64.51
	PASSED
not in pyproj EPSG:4362
	usage EPSG:3238
	exten EPSG:1337
	-14.59, 71.4, 144.58, -64.51
	PASSED
not in pyproj EPSG:4385
	usage EPSG:3261
	exten EPSG:2830
	-90.0, 90.0, -180.0, 180.0
	PASSED
not in pyproj EPSG:4759
	usage EPSG:3589
	exten EPSG:1511
	14.92, 74.71, 167.65, -63.88
	PASSED
not in pyproj EPSG:4892
	usage EPSG:3693
	exten EPSG:1511
	14.92, 74.71, 167.65, -63.88
	PASSED
not in pyproj EPSG:4893
	usage EPSG:3694
	exten EPSG:1511
	14.92, 74.71, 167.65, -63.88
	PASSED
not in pyproj EPSG:4956
	usage EPSG:3756
	exten EPSG:1337
	-14.59, 71.4, 144.58, -64.51
	PASSED
not in pyproj EPSG:4957
	usage EPSG:3757
	exten EPSG:1337
	-14.59, 71.4, 144.58, -64.51
	PASSED
not in pyproj EPSG:5703
	usage EPSG:4146
	exten EPSG:4161
	14.515261702227, 71.396817302681, 172.42871284485, -66.917007446289
	PASSED
not in pyproj EPSG:6317
	usage EPSG:4553
	exten EPSG:1511
	14.92, 74.71, 167.65, -63.88
	PASSED
not in pyproj EPSG:6318
	usage EPSG:4554
	exten EPSG:1511
	14.92, 74.71, 167.65, -63.88
	PASSED
not in pyproj EPSG:6319
	usage EPSG:4555
	exten EPSG:1511
	14.92, 74.71, 167.65, -63.88
	PASSED
not in pyproj EPSG:6357
	usage EPSG:4591
	exten EPSG:4161
	14.515261702227, 71.396817302681, 172.42871284485, -66.917007446289
	PASSED
not in pyproj EPSG:6781
	usage EPSG:4937
	exten EPSG:1511
	14.92, 74.71, 167.65, -63.88
	PASSED
not in pyproj EPSG:6782
	usage EPSG:4938
	exten EPSG:1511
	14.92, 74.71, 167.65, -63.88
	PASSED
not in pyproj EPSG:6783
	usage EPSG:4939
	exten EPSG:1511
	14.92, 74.71, 167.65, -63.88
	PASSED
not in pyproj EPSG:6871
	usage EPSG:5023
	exten EPSG:1262
	-90.0, 90.0, -180.0, 180.0
	PASSED
not in pyproj EPSG:8052
	usage EPSG:5602
	exten EPSG:1245
	15.56, 74.71, 167.65, -65.69
	PASSED
not in pyproj EPSG:8053
	usage EPSG:5603
	exten EPSG:1245
	15.56, 74.71, 167.65, -65.69
	PASSED
not in pyproj EPSG:8449
	usage EPSG:5833
	exten EPSG:4515
	-14.59, 49.38, 144.58, -64.51
	PASSED
not in pyproj EPSG:8541
	usage EPSG:5856
	exten EPSG:4515
	-14.59, 49.38, 144.58, -64.51
	PASSED
not in pyproj EPSG:8542
	usage EPSG:5857
	exten EPSG:4515
	-14.59, 49.38, 144.58, -64.51
	PASSED
not in pyproj EPSG:8858
	usage EPSG:6008
	exten EPSG:4520
	-90.0, 90.0, 90.01, 89.99
	PASSED
not in pyproj EPSG:8859
	usage EPSG:6009
	exten EPSG:4523
	-90.0, 90.0, -29.99, -30.01
	PASSED
not in pyproj EPSG:8860
	usage EPSG:6010
	exten EPSG:4515
	-14.59, 49.38, 144.58, -64.51
	PASSED
not in pyproj EPSG:900913
	usage PROJ:900913_USAGE
	exten EPSG:3544
	-85.06, 85.06, -180.0, 180.0
	PASSED
not in pyproj EPSG:9311
	usage EPSG:13969
	exten EPSG:1245
	15.56, 74.71, 167.65, -65.69
	PASSED
not in pyproj ESRI:102100
	usage ESRI:PCRS_102100_USAGE
	exten EPSG:3544
	-85.06, 85.06, -180.0, 180.0
	PASSED
not in pyproj ESRI:102113
	usage ESRI:PCRS_102113_USAGE
	exten EPSG:3544
	-85.06, 85.06, -180.0, 180.0
	PASSED
not in pyproj ESRI:102275
	usage ESRI:PCRS_102275_USAGE
	exten EPSG:2198
	41.85, 43.51, -96.65, -90.15
	PASSED
not in pyproj ESRI:102276
	usage ESRI:PCRS_102276_USAGE
	exten EPSG:2199
	40.37, 42.04, -96.14, -90.14
	PASSED
not in pyproj ESRI:102384
	usage ESRI:PCRS_102384_USAGE
	exten EPSG:3502
	25.61, 49.38, -96.01, -90.0
	PASSED
not in pyproj ESRI:102497
	usage ESRI:PCRS_102497_USAGE
	exten ESRI:49
	-81.3282, 81.3282, -156.2995, 6.2995
	PASSED
not in pyproj ESRI:102675
	usage ESRI:PCRS_102675_USAGE
	exten EPSG:2198
	41.85, 43.51, -96.65, -90.15
	PASSED
not in pyproj ESRI:102676
	usage ESRI:PCRS_102676_USAGE
	exten EPSG:2199
	40.37, 42.04, -96.14, -90.14
	PASSED
not in pyproj ESRI:102965
	usage ESRI:PCRS_102965_USAGE
	exten EPSG:1323
	24.41, 49.38, -124.79, -66.91
	PASSED
not in pyproj ESRI:103043
	usage ESRI:PCRS_103043_USAGE
	exten EPSG:2198
	41.85, 43.51, -96.65, -90.15
	PASSED
not in pyproj ESRI:103044
	usage ESRI:PCRS_103044_USAGE
	exten EPSG:2199
	40.37, 42.04, -96.14, -90.14
	PASSED
not in pyproj ESRI:103045
	usage ESRI:PCRS_103045_USAGE
	exten EPSG:2198
	41.85, 43.51, -96.65, -90.15
	PASSED
not in pyproj ESRI:103046
	usage ESRI:PCRS_103046_USAGE
	exten EPSG:2199
	40.37, 42.04, -96.14, -90.14
	PASSED
not in pyproj ESRI:104000
	usage ESRI:104000_USAGE
	exten EPSG:1263
	-90.0, 90.0, -180.0, 180.0
	PASSED
not in pyproj ESRI:104010
	usage ESRI:104010_USAGE
	exten EPSG:2830
	-90.0, 90.0, -180.0, 180.0
	PASSED
not in pyproj ESRI:104011
	usage ESRI:104011_USAGE
	exten EPSG:1262
	-90.0, 90.0, -180.0, 180.0
	PASSED
not in pyproj ESRI:104012
	usage ESRI:104012_USAGE
	exten EPSG:1262
	-90.0, 90.0, -180.0, 180.0
	PASSED
not in pyproj ESRI:104013
	usage ESRI:104013_USAGE
	exten EPSG:1262
	-90.0, 90.0, -180.0, 180.0
	PASSED
not in pyproj ESRI:104014
	usage ESRI:104014_USAGE
	exten EPSG:1262
	-90.0, 90.0, -180.0, 180.0
	PASSED
not in pyproj ESRI:104015
	usage ESRI:104015_USAGE
	exten EPSG:1262
	-90.0, 90.0, -180.0, 180.0
	PASSED
not in pyproj ESRI:104016
	usage ESRI:104016_USAGE
	exten EPSG:1262
	-90.0, 90.0, -180.0, 180.0
	PASSED
not in pyproj ESRI:104019
	usage ESRI:104019_USAGE
	exten EPSG:1262
	-90.0, 90.0, -180.0, 180.0
	PASSED
not in pyproj ESRI:104021
	usage ESRI:104021_USAGE
	exten EPSG:1262
	-90.0, 90.0, -180.0, 180.0
	PASSED
not in pyproj ESRI:104023
	usage ESRI:104023_USAGE
	exten EPSG:1263
	-90.0, 90.0, -180.0, 180.0
	PASSED
not in pyproj ESRI:104115
	usage ESRI:104115_USAGE
	exten EPSG:1262
	-90.0, 90.0, -180.0, 180.0
	PASSED
not in pyproj ESRI:104116
	usage ESRI:104116_USAGE
	exten EPSG:1262
	-90.0, 90.0, -180.0, 180.0
	PASSED
not in pyproj ESRI:104117
	usage ESRI:104117_USAGE
	exten EPSG:1262
	-90.0, 90.0, -180.0, 180.0
	PASSED
not in pyproj ESRI:104118
	usage ESRI:104118_USAGE
	exten EPSG:1262
	-90.0, 90.0, -180.0, 180.0
	PASSED
not in pyproj ESRI:104119
	usage ESRI:104119_USAGE
	exten EPSG:1262
	-90.0, 90.0, -180.0, 180.0
	PASSED
not in pyproj ESRI:104120
	usage ESRI:104120_USAGE
	exten EPSG:1262
	-90.0, 90.0, -180.0, 180.0
	PASSED
not in pyproj ESRI:104121
	usage ESRI:104121_USAGE
	exten EPSG:1262
	-90.0, 90.0, -180.0, 180.0
	PASSED
not in pyproj ESRI:104122
	usage ESRI:104122_USAGE
	exten EPSG:1262
	-90.0, 90.0, -180.0, 180.0
	PASSED
not in pyproj ESRI:104123
	usage ESRI:104123_USAGE
	exten EPSG:1262
	-90.0, 90.0, -180.0, 180.0
	PASSED
not in pyproj ESRI:104124
	usage ESRI:104124_USAGE
	exten EPSG:1262
	-90.0, 90.0, -180.0, 180.0
	PASSED
not in pyproj ESRI:104145
	usage ESRI:104145_USAGE
	exten EPSG:1511
	14.92, 74.71, 167.65, -63.88
	PASSED
not in pyproj ESRI:104199
	usage ESRI:104199_USAGE
	exten EPSG:1262
	-90.0, 90.0, -180.0, 180.0
	PASSED
not in pyproj ESRI:104223
	usage ESRI:104223_USAGE
	exten EPSG:1511
	14.92, 74.71, 167.65, -63.88
	PASSED
not in pyproj ESRI:104257
	usage ESRI:104257_USAGE
	exten EPSG:2830
	-90.0, 90.0, -180.0, 180.0
	PASSED
not in pyproj ESRI:104602
	usage ESRI:104602_USAGE
	exten EPSG:1350
	14.928194130078, 86.453745196084, 167.65071105957, -47.743430543984
	PASSED
not in pyproj ESRI:104896
	usage ESRI:104896_USAGE
	exten EPSG:1262
	-90.0, 90.0, -180.0, 180.0
	PASSED
not in pyproj ESRI:105703
	usage ESRI:105703_USAGE
	exten EPSG:3664
	24.410230723243, 71.396817302681, -168.25266039145, -66.917007446289
	PASSED
not in pyproj ESRI:105790
	usage ESRI:105790_USAGE
	exten EPSG:1262
	-90.0, 90.0, -180.0, 180.0
	PASSED
not in pyproj ESRI:115702
	usage ESRI:115702_USAGE
	exten EPSG:1350
	14.928194130078, 86.453745196084, 167.65071105957, -47.743430543984
	PASSED
not in pyproj ESRI:115755
	usage ESRI:115755_USAGE
	exten EPSG:1511
	14.92, 74.71, 167.65, -63.88
	PASSED
not in pyproj ESRI:115756
	usage ESRI:115756_USAGE
	exten EPSG:1511
	14.92, 74.71, 167.65, -63.88
	PASSED
not in pyproj ESRI:115758
	usage ESRI:115758_USAGE
	exten EPSG:1337
	-14.59, 71.4, 144.58, -64.51
	PASSED
not in pyproj ESRI:115761
	usage ESRI:115761_USAGE
	exten EPSG:1511
	14.92, 74.71, 167.65, -63.88
	PASSED
not in pyproj ESRI:115840
	usage ESRI:115840_USAGE
	exten EPSG:4515
	-14.59, 49.38, 144.58, -64.51
	PASSED
not in pyproj ESRI:37001
	usage ESRI:37001_USAGE
	exten EPSG:1262
	-90.0, 90.0, -180.0, 180.0
	PASSED
not in pyproj ESRI:54035
	usage ESRI:PCRS_54035_USAGE
	exten EPSG:1262
	-90.0, 90.0, -180.0, 180.0
	PASSED
not in pyproj ESRI:54036
	usage ESRI:PCRS_54036_USAGE
	exten EPSG:1262
	-90.0, 90.0, -180.0, 180.0
	PASSED
not in pyproj ESRI:54037
	usage ESRI:PCRS_54037_USAGE
	exten EPSG:1262
	-90.0, 90.0, -180.0, 180.0
	PASSED
not in pyproj OGC:CRS27
	usage PROJ:OGC_CRS27_USAGE
	exten EPSG:1349
	7.15, 83.17, 167.65, -47.74
	PASSED
not in pyproj OGC:CRS83
	usage PROJ:OGC_CRS83_USAGE
	exten EPSG:1350
	14.928194130078, 86.453745196084, 167.65071105957, -47.743430543984
	PASSED
